// Jest Snapshot v1, https://goo.gl/fbAQLP

exports[`should render the addItem component 1`] = `
<div>
  <form>
    <label
      for="item-name"
    >
      Item Name
    </label>
    <input
      id="item-name"
      name="item-name"
      value=""
    />
    <button
      type="submit"
    >
      Add
    </button>
  </form>
</div>
`;
